// Jest Snapshot v1, https://goo.gl/fbAQLP

exports[`Render Tab Details 1`] = `
<div
  className="movie-card__text movie-card__row"
>
  <div
    className="movie-card__text-col"
  >
    <p
      className="movie-card__details-item"
    >
      <strong
        className="movie-card__details-name"
      >
        Director
      </strong>
      <span
        className="movie-card__details-value"
      >
        director1
      </span>
    </p>
    <p
      className="movie-card__details-item"
    >
      <strong
        className="movie-card__details-name"
      >
        Starring
      </strong>
      <span
        className="movie-card__details-value"
      >
        B
        i
        l
        l
         
        M
        u
        r
        r
        a
        y
        ,
         
        E
        d
        w
        a
        r
        d
         
        N
        o
        r
        t
        o
        n
        ,
         
        J
        u
        d
        e
         
        L
        a
        w
        ,
         
        W
        i
        l
        l
        e
        m
         
        D
        a
        f
        o
        e
      </span>
    </p>
  </div>
  <div
    className="movie-card__text-col"
  >
    <p
      className="movie-card__details-item"
    >
      <strong
        className="movie-card__details-name"
      >
        Run Time
      </strong>
      <span
        className="movie-card__details-value"
      >
        1h 38m
      </span>
    </p>
    <p
      className="movie-card__details-item"
    >
      <strong
        className="movie-card__details-name"
      >
        Genre
      </strong>
      <span
        className="movie-card__details-value"
      >
        genre1
      </span>
    </p>
    <p
      className="movie-card__details-item"
    >
      <strong
        className="movie-card__details-name"
      >
        Released
      </strong>
      <span
        className="movie-card__details-value"
      >
        2011
      </span>
    </p>
  </div>
</div>
`;
