// Jest Snapshot v1, https://goo.gl/fbAQLP

exports[`Render App 1`] = `
<div
  className="player"
>
  <video
    className="player__video"
    controls={true}
    muted={true}
    poster="/img/player-poster.jpg"
    src="https://download.blender.org/durian/trailer/sintel_trailer-480p.mp4"
  />
  <button
    className="player__exit"
    onClick={[Function]}
    type="button"
  >
    Exit
  </button>
</div>
`;
