// Jest Snapshot v1, https://goo.gl/fbAQLP

exports[`Render Tab Overview 1`] = `
Array [
  <div
    className="movie-rating"
  >
    <div
      className="movie-rating__score"
    >
      1
    </div>
    <p
      className="movie-rating__meta"
    >
      <span
        className="movie-rating__level"
      >
        Bad
      </span>
      <span
        className="movie-rating__count"
      >
        240
         ratings
      </span>
    </p>
  </div>,
  <div
    className="movie-card__text"
  >
    description1
    <p
      className="movie-card__director"
    >
      <strong>
        Director: 
        director1
      </strong>
    </p>
    <p
      className="movie-card__starring"
    >
      <strong>
        Starring: 
        B
        i
        l
        l
         
        M
        u
        r
        r
        a
        y
        ,
         
        E
        d
        w
        a
        r
        d
         
        N
        o
        r
        t
        o
        n
        ,
         
        J
        u
        d
        e
         
        L
        a
        w
        ,
         
        W
        i
        l
        l
        e
        m
         
        D
        a
        f
        o
        e
      </strong>
    </p>
  </div>,
]
`;
