// Jest Snapshot v1, https://goo.gl/fbAQLP

exports[`Render Tab Overview 1`] = `
Array [
  <div
    className="movie-rating"
  >
    <div
      className="movie-rating__score"
    >
      1
    </div>
    <p
      className="movie-rating__meta"
    >
      <span
        className="movie-rating__level"
      >
        Bad
      </span>
      <span
        className="movie-rating__count"
      >
        24
      </span>
    </p>
  </div>,
  <div
    className="movie-card__text"
  >
    description1
    <p
      className="movie-card__director"
    >
      <strong>
        Director: 
        director1
      </strong>
    </p>
    <p
      className="movie-card__starring"
    >
      <strong>
        Starring: 
        Bill Murray, Edward Norton, Jude Law, Willem Dafoe
      </strong>
    </p>
  </div>,
]
`;
