// Jest Snapshot v1, https://goo.gl/fbAQLP

exports[`Render Movie Page 1`] = `
<div>
  <video
    height="175"
    muted={true}
    poster="fantastic-beasts-the-crimes-of-grindelwald.jpg"
    src="https://download.blender.org/durian/trailer/sintel_trailer-480p.mp4"
    width="280"
  />
</div>
`;
