// Jest Snapshot v1, https://goo.gl/fbAQLP

exports[`Render Video Player 1`] = `
<div
  className="small-movie-card__poster"
  onMouseEnter={[Function]}
  onMouseLeave={[Function]}
>
  <video />
</div>
`;
