// Jest Snapshot v1, https://goo.gl/fbAQLP

exports[`Render review 1`] = `
<div
  className="review"
>
  <blockquote
    className="review__quote"
  >
    <p
      className="review__text"
    >
      comment1
    </p>
    <footer
      className="review__details"
    >
      <cite
        className="review__author"
      >
        Kate Muir
      </cite>
      <time
        className="review__date"
        dateTime={2016-12-23T21:00:00.000Z}
      >
        December 24, 2016
      </time>
    </footer>
  </blockquote>
  <div
    className="review__rating"
  >
    8.9
  </div>
</div>
`;
